<!doctype html>
<html lang="en" data-path="/00-routes/00-basic/">
  <head>
    <script type="module" src="/@vite/client"></script>

    <script
      type="module"
      src="/@id/__x00__/00-routes/00-basic/index.html?html-proxy&index=0.js"
    ></script>

    <meta charset="UTF-8" />
    <title>Document - Minimal - Untitled</title>
  </head>

  <body>
    <!--lit-part zlwazTB4XxM=-->
    <h1>Hello world</h1>
    <hr />
    <code><!--lit-part-->/00-routes/00-basic/<!--/lit-part--></code>
    <!--/lit-part-->
  </body>
</html>
