<!doctype html>
<html lang="en" data-path="/404/">
  <head>
    <script type="module" src="/@vite/client"></script>

    <meta charset="UTF-8" />
    <title>Document - Minimal - Gracile - 404</title>
  </head>

  <body>
    <h1>⚠️ 404 not found!!</h1>

    <p><code>http://localhost:4549/404/</code> not found.</p>
  </body>
</html>
