<!doctype html>
<html lang="en" data-path="/does_not_exist/">
  <head>
    <script type="module" src="/@vite/client"></script>

    <script
      type="module"
      src="/@id/__x00__/404/index.html?html-proxy&index=0.js"
    ></script>

    <meta charset="UTF-8" />
    <title>Document - Minimal - Gracile - 404</title>

    <!-- PAGE ASSETS -->

    <!-- /PAGE ASSETS -->
  </head>

  <body>
    <h1>⚠️ 404 not found!!</h1>

    <p><code>http://localhost:4549/does_not_exist/</code> not found.</p>
  </body>
</html>
