<!doctype html>
<html lang="en">
  <head>
    <meta charset="UTF-8" />
    <meta name="viewport" content="width=device-width, initial-scale=1.0" />
    <title>500: TypeError | Internal Server Error</title>
    <style>
      html {
        color-scheme: light dark;
        font-size: 16px;
        line-height: 1.23rem;
        font-family: system-ui;
      }
    </style>
    <script type="module" src="/@vite/client"></script>
  </head>
  <body>
    <h1>500: TypeError | Internal Server Error</h1>
  </body>
</html>
