<!doctype html>
<html lang="en">
  <head>
    <script type="module" src="/@vite/client"></script>

    <script
      type="module"
      src="/@id/__x00__/00-routes/01-doc-only/index.html?html-proxy&index=0.js"
    ></script>

    <meta charset="UTF-8" />
    <meta name="viewport" content="width=device-width, initial-scale=1.0" />
    <title>Document</title>
  </head>
  <body>
    Only a bare doc!
  </body>
</html>
