<!doctype html>
<html lang="en" data-path="/10-svg/00-svg/">
  <head>
    <script type="module" src="/@vite/client"></script>

    <meta charset="UTF-8" />
    <title>Document - With sibling assets</title>

    <!-- PAGE ASSETS -->

    <!-- /PAGE ASSETS -->
  </head>

  <body>
    <!--lit-part Blwj+NwBFho=-->
    <style>
      svg {
        height: 20rem;
        width: 20rem;
      }
    </style>

    <h1>Hello SVGs</h1>
    <hr />
    <code><!--lit-part-->/10-svg/00-svg/<!--/lit-part--></code>

    <div>
      <!--lit-part 0EIe5L+tvkg=--><svg
        xmlns="http://www.w3.org/2000/svg"
        xml:space="preserve"
        style="
          fill-rule: evenodd;
          clip-rule: evenodd;
          stroke-linejoin: round;
          stroke-miterlimit: 2;
        "
        viewBox="0 0 3127 1723"
      >
        <path
          d="M3648 6425h3160v1947H3648z"
          style="fill: none"
          transform="matrix(.98956 0 0 .88495 -3609.9 -5685.81)"
        />
        <path
          d="M.209.087A.16.16 0 0 1 .115.058a.2.2 0 0 1-.068-.086.3.3 0 0 1-.025-.133q0-.076.024-.156a.7.7 0 0 1 .16-.28.5.5 0 0 1 .112-.089.23.23 0 0 1 .115-.033q.038 0 .061.016a.1.1 0 0 1 .033.041q.01.026.01.056a.2.2 0 0 1-.044.124.06.06 0 0 1-.044.022.03.03 0 0 1-.016-.005Q.424-.47.418-.483a.2.2 0 0 0 .033-.036.3.3 0 0 0 .032-.058.2.2 0 0 0 .013-.059.06.06 0 0 0-.013-.038Q.469-.689.436-.689a.15.15 0 0 0-.089.035.5.5 0 0 0-.09.093.8.8 0 0 0-.155.42.24.24 0 0 0 .038.143.114.114 0 0 0 .17.023.3.3 0 0 0 .062-.075.46.46 0 0 0 .064-.2l-.06-.011-.043-.002H.306l-.034.001q.007-.029.025-.041A.1.1 0 0 1 .34-.314q.028 0 .059.009l.059.021.051.017-.007.032q-.02.05-.031.087a1 1 0 0 0-.027.117.3.3 0 0 0-.001.079l.002.039L.417.071A.1.1 0 0 1 .398.047.1.1 0 0 1 .391.015l.002-.022q.001-.01.005-.024a.4.4 0 0 1-.083.084.17.17 0 0 1-.106.034"
          style="fill-rule: nonzero"
          transform="matrix(1199.9962 0 0 1200.00418 50.306 961.872)"
        />
        <path
          d="M.173.026A.07.07 0 0 1 .12.008.06.06 0 0 1 .1-.039q0-.03.014-.063l.028-.066a.2.2 0 0 0 .013-.058q0-.031-.018-.048L.099-.302a2 2 0 0 1-.048.112Q.026-.137.01-.11L.001-.127a1.5 1.5 0 0 0 .081-.19.03.03 0 0 1-.01-.024q0-.03.017-.049t.025-.019q.011 0 .013.009l.001.015-.005.019-.006.018q0 .014.016.025l.035.026q.02.015.036.035a.1.1 0 0 1 .015.053.2.2 0 0 1-.012.061l-.025.059a.1.1 0 0 0-.013.049q0 .018.009.024a.04.04 0 0 0 .021.006.1.1 0 0 0 .05-.015.397.397 0 0 0 .12-.134l.013.01A.36.36 0 0 1 .257 0a.16.16 0 0 1-.084.026"
          style="fill-rule: nonzero"
          transform="matrix(1199.9962 0 0 1200.00418 705.504 961.872)"
        />
        <path
          d="M.048.047a.08.08 0 0 1-.053-.02Q-.026.006-.026-.036q0-.036.016-.078A.4.4 0 0 1 .098-.27a.3.3 0 0 1 .075-.053.2.2 0 0 1 .078-.02q.04 0 .065.02a.07.07 0 0 1 .026.055q0 .025-.013.034a.06.06 0 0 1-.036.009l.004-.018.001-.017A.1.1 0 0 0 .287-.3Q.277-.316.249-.316a.1.1 0 0 0-.057.019.3.3 0 0 0-.056.052.5.5 0 0 0-.081.146.2.2 0 0 0-.012.066q0 .039.027.039a.08.08 0 0 0 .05-.022.4.4 0 0 0 .056-.055A1 1 0 0 0 .23-.14l.046-.066.005-.006.016.004.016.008a.02.02 0 0 1 .007.013.1.1 0 0 1-.009.024l-.02.036-.02.04a.1.1 0 0 0-.009.039q0 .015.008.029t.026.015q.027 0 .071-.04a.5.5 0 0 0 .089-.118l.01.01a.4.4 0 0 1-.054.095.3.3 0 0 1-.07.064.14.14 0 0 1-.074.023Q.231.03.214.008A.08.08 0 0 1 .196-.04l.001-.014.002-.015a.5.5 0 0 1-.078.087.12.12 0 0 1-.073.029"
          style="fill-rule: nonzero"
          transform="matrix(1199.9962 0 0 1200.00418 1123.102 961.872)"
        />
        <path
          d="M.107.056a.1.1 0 0 1-.08-.032q-.032-.031-.032-.096a.3.3 0 0 1 .02-.098.3.3 0 0 1 .051-.085.3.3 0 0 1 .071-.061.15.15 0 0 1 .077-.022q.04 0 .056.024.015.024.015.05a.1.1 0 0 1-.013.051.04.04 0 0 1-.037.022.04.04 0 0 1-.029-.015q.015-.008.026-.033a.1.1 0 0 0 .011-.046.04.04 0 0 0-.004-.019Q.234-.31.221-.31a.1.1 0 0 0-.055.024.352.352 0 0 0-.109.221q0 .032.015.057T.13.018a.2.2 0 0 0 .081-.022.3.3 0 0 0 .075-.063.3.3 0 0 0 .056-.096l.013.01a.35.35 0 0 1-.151.182.2.2 0 0 1-.097.027"
          style="fill-rule: nonzero"
          transform="matrix(1199.9962 0 0 1200.00418 1646.3 961.872)"
        />
        <path
          d="M.072.026Q.033.026.014.002a.1.1 0 0 1-.019-.06q0-.023.009-.058a.7.7 0 0 1 .055-.146.3.3 0 0 1 .039-.056q.021-.021.041-.021a.03.03 0 0 1 .016.005q.006.006.006.017a.1.1 0 0 1-.015.039l-.037.062a1 1 0 0 0-.036.073.2.2 0 0 0-.016.074q0 .036.012.048t.037.012q.034 0 .073-.034A.4.4 0 0 0 .26-.162l.009.01a.3.3 0 0 1-.083.132.18.18 0 0 1-.114.046m.12-.458A.05.05 0 0 1 .164-.44Q.151-.448.151-.465q0-.02.025-.037a.1.1 0 0 1 .048-.015q.015 0 .024.007t.009.024q0 .02-.02.036a.07.07 0 0 1-.045.018"
          style="fill-rule: nonzero"
          transform="matrix(1199.9962 0 0 1200.00418 2033.9 961.872)"
        />
        <path
          d="M.083.03Q.04.03.022.001a.13.13 0 0 1-.019-.074q0-.048.018-.114t.048-.139a2 2 0 0 1 .134-.269 1 1 0 0 1 .065-.091Q.297-.72.314-.72q.01 0 .018.012a.13.13 0 0 1 .015.062.2.2 0 0 1-.013.07.8.8 0 0 1-.096.205 1 1 0 0 1-.073.105.6.6 0 0 1-.084.086.5.5 0 0 0-.013.101q0 .039.011.058a.04.04 0 0 0 .033.019.08.08 0 0 0 .054-.024.3.3 0 0 0 .05-.061 1 1 0 0 0 .04-.075l.015.008a.5.5 0 0 1-.087.134Q.137.03.083.03M.09-.214a1.018 1.018 0 0 0 .214-.353.2.2 0 0 0 .012-.056L.314-.636.309-.639q-.008 0-.027.025-.02.026-.046.069a1.4 1.4 0 0 0-.104.213 1 1 0 0 0-.042.118"
          style="fill-rule: nonzero"
          transform="matrix(1199.9962 0 0 1200.00418 2323.099 961.872)"
        />
        <path
          d="M.108.044Q.047.044.017.011a.12.12 0 0 1-.031-.083q0-.045.023-.095a.4.4 0 0 1 .142-.166A.2.2 0 0 1 .24-.36q.023 0 .043.012t.019.049a.12.12 0 0 1-.022.071.2.2 0 0 1-.059.06.345.345 0 0 1-.167.063l-.003.019-.001.017q0 .015.004.03a.07.07 0 0 0 .037.047q.015.007.038.007A.16.16 0 0 0 .214-.01a.3.3 0 0 0 .078-.064.5.5 0 0 0 .061-.088l.012.009A.36.36 0 0 1 .207.02a.2.2 0 0 1-.099.024M.059-.124A.4.4 0 0 0 .12-.151a.4.4 0 0 0 .066-.041.3.3 0 0 0 .052-.053.1.1 0 0 0 .02-.061q0-.01-.004-.017Q.25-.329.237-.329a.1.1 0 0 0-.051.018.384.384 0 0 0-.127.187"
          style="fill-rule: nonzero"
          transform="matrix(1199.9962 0 0 1200.00418 2606.298 961.872)"
        />
        <path
          d="M.255.187A.2.2 0 0 1 .158.163a.08.08 0 0 1-.041-.07q0-.025.015-.045a.1.1 0 0 1 .045-.03L.171.047.169.072q0 .04.022.066.022.024.065.024a.13.13 0 0 0 .072-.02A.2.2 0 0 0 .382.09a.4.4 0 0 0 .066-.146l.017-.065.019-.089.023-.116a.5.5 0 0 1-.092.125.17.17 0 0 1-.125.05q-.058 0-.084-.034A.13.13 0 0 1 .181-.27q0-.039.011-.085t.023-.093l.024-.089a.3.3 0 0 0 .01-.077.1.1 0 0 0-.012-.055Q.223-.692.192-.692a.07.07 0 0 0-.048.017.198.198 0 0 0-.053.101.2.2 0 0 0-.007.055l.002.027a.1.1 0 0 0 .006.022q-.038 0-.053-.021a.07.07 0 0 1-.016-.048q0-.031.015-.063a.2.2 0 0 1 .103-.102.2.2 0 0 1 .073-.016.1.1 0 0 1 .061.015.1.1 0 0 1 .043.086.3.3 0 0 1-.01.069l-.024.088q-.013.045-.023.09a.4.4 0 0 0-.01.085q0 .044.017.069.016.027.053.027a.1.1 0 0 0 .066-.022.3.3 0 0 0 .058-.059.7.7 0 0 0 .088-.168A3 3 0 0 1 .59-.635a.3.3 0 0 1 .031-.062Q.637-.72.653-.72q.01 0 .026.008a.1.1 0 0 1 .03.024l-.036.062a1 1 0 0 0-.056.147q-.014.048-.031.117l-.042.168-.028.105A1 1 0 0 1 .48.014a.4.4 0 0 1-.052.088.2.2 0 0 1-.072.062.2.2 0 0 1-.101.023"
          style="fill-rule: nonzero"
          transform="matrix(-300.00024 -519.61526 519.6154 -299.99998 1828.522 1498.642)"
        /></svg
      ><!--/lit-part-->
    </div>
    <hr />
    <div>
      <!--lit-part xDVrtrqbycU=--><svg
        xmlns="http://www.w3.org/2000/svg"
        width="25.6"
        height="32"
        aria-hidden="true"
        class="iconify iconify--logos"
        viewBox="0 0 256 320"
      >
        <path
          fill="#00E8FF"
          d="m64 192 25.926-44.727 38.233-19.114 63.974 63.974 10.833 61.754L192 320l-64-64-38.074-25.615z"
        />
        <path
          fill="#283198"
          d="M128 256V128l64-64v128zM0 256l64 64 9.202-60.602L64 192l-37.542 23.71z"
        />
        <path
          fill="#324FFF"
          d="M64 192V64l64-64v128zm128 128V192l64-64v128zM0 256V128l64 64z"
        />
        <path fill="#0FF" d="M64 320V192l64 64z" /></svg
      ><!--/lit-part-->
    </div>
    <hr />
    <div>
      <!--lit-part y1ylqx0Mj+k=--><svg
        xmlns="http://www.w3.org/2000/svg"
        fill="none"
        viewBox="0 0 410 404"
      >
        <path
          fill="url(#a)"
          d="m399.641 59.525-183.998 329.02c-3.799 6.793-13.559 6.833-17.415.073L10.582 59.556C6.38 52.19 12.68 43.266 21.028 44.76l184.195 32.923c1.175.21 2.378.208 3.553-.006l180.343-32.87c8.32-1.517 14.649 7.337 10.522 14.719"
        />
        <path
          fill="url(#b)"
          d="M292.965 1.574 156.801 28.255a5 5 0 0 0-4.03 4.611l-8.376 141.464c-.197 3.332 2.863 5.918 6.115 5.168l37.91-8.749c3.547-.818 6.752 2.306 6.023 5.873l-11.263 55.153c-.758 3.712 2.727 6.886 6.352 5.785l23.415-7.114c3.63-1.102 7.118 2.081 6.35 5.796l-17.899 86.633c-1.12 5.419 6.088 8.374 9.094 3.728l2.008-3.103 110.954-221.428c1.858-3.707-1.346-7.935-5.418-7.15l-39.022 7.532c-3.667.707-6.787-2.708-5.752-6.296l25.469-88.291c1.036-3.594-2.095-7.012-5.766-6.293"
        />
        <defs>
          <linearGradient
            id="a"
            x1="6"
            x2="235"
            y1="33"
            y2="344"
            gradientUnits="userSpaceOnUse"
          >
            <stop stop-color="#41D1FF" />
            <stop offset="1" stop-color="#BD34FE" />
          </linearGradient>
          <linearGradient
            id="b"
            x1="194.651"
            x2="236.076"
            y1="8.818"
            y2="292.989"
            gradientUnits="userSpaceOnUse"
          >
            <stop stop-color="#FFEA83" />
            <stop offset=".083" stop-color="#FFDD35" />
            <stop offset="1" stop-color="#FFA800" />
          </linearGradient>
        </defs></svg
      ><!--/lit-part-->
    </div>
    <!--/lit-part-->
  </body>
</html>
