<!doctype html>
<html lang="en" data-path="/03-custom-elements/00-lit-full/">
  <head>
    <script type="module" src="/@vite/client"></script>

    <meta charset="UTF-8" />
    <title>Document - With Lit hydration</title>

    <!-- Must happens before loading custom elements -->

    <script
      type="module"
      src="/@id/__x00__/03-custom-elements/00-lit-full/index.html?html-proxy&index=0.js"
    ></script>

    <!--  -->

    <!-- PAGE ASSETS -->

    <script
      type="module"
      src="/src/routes/03-custom-elements/00-lit-full.client.ts"
    ></script>
    <!--  -->

    <!-- /PAGE ASSETS -->
  </head>

  <body>
    <!--lit-part MsGCrH14hCc=-->
    <!--  -->
    <lit-element
      ><template shadowroot="open" shadowrootmode="open"
        ><style>
          :host {
            display: block;
          }</style
        ><!--lit-part rUnDgWtNK58=-->
        <!--lit-node 0--><button>Increment</button>

        <hr />
        <data><!--lit-part-->0<!--/lit-part--></data>
        <!--/lit-part--></template
      ></lit-element
    >
    <!--/lit-part-->
  </body>
</html>
