<!doctype html>
<html lang="en" data-path="/04-template-failure/04-template-failure/">
  <head>
    <script type="module" src="/@vite/client"></script>

    <script
      type="module"
      src="/@id/__x00__/04-template-failure/04-template-failure/index.html?html-proxy&index=0.js"
    ></script>

    <meta charset="UTF-8" />
    <title>Document - Minimal - Untitled</title>
  </head>

  <body>
    <!--lit-part Fgk6RbTJBco=-->
    <h1>Hello Polyfills</h1>
    <hr />
    <code
      ><!--lit-part-->/04-template-failure/04-template-failure/<!--/lit-part--></code
    >

    <div>FAILING-1</div>
    <div>FAILING-2</div>
    <!--  -->
    <div>FAILING-3</div>
    <div>FAILING-4</div>
    <!-- <div></div> -->
    <div>FAILING-6</div>
    <div>FAILING-7</div>
    <!--  -->
    <div>FAILING-8</div>
    <div>FAILING-9</div>
  </body>
</html>
