<!doctype html>
<html lang="en" data-path="/09-metadata/00-metadata/">
  <head>
    <script type="module" src="/@vite/client"></script>

    <script
      type="module"
      src="/@id/__x00__/09-metadata/00-metadata/index.html?html-proxy&index=0.js"
    ></script>

    <!--  -->
    <meta charset="UTF-8" />
    <meta name="viewport" content="width=device-width, initial-scale=1.0" />

    <!--  -->
    <link href="http://example.com" rel="canonical" />
    <meta property="og:url" content="http://example.com" />
    <meta name="twitter:url" content="http://example.com" />

    <!--  -->
    <meta property="og:type" content="website" />

    <!--  -->
    <meta property="og:locale" content="en_US" />

    <meta name="apple-mobile-web-app-title" content="My Site" />
    <meta property="og:site_name" content="My Site" />
    <title>My page</title>
    <meta property="og:title" content="My page" />
    <meta name="twitter:title" content="My page" />

    <meta property="og:image:alt" content="My desc." />
    <meta name="description" property="og:description" content="My desc." />
    <meta name="twitter:description" content="My desc." />

    <!--  -->
    <meta name="author" content="Anon" />

    <!--  -->
    <meta name="copyright" content="MIT" />
    <meta name="generator" content="Gracile" />
    <!--  -->
    <link type="image/svg+xml" href="/favicon.svg" rel="icon" />

    <link type="application/xml" href="/sitemap.xml" rel="sitemap" />

    <meta name="view-transition" content="same-origin" />

    <script type="application/ld+json">
      {
        "@context": "https://schema.org",
        "@type": "BreadcrumbList",
        "itemListElement": [
          {
            "@type": "ListItem",
            "position": 1,
            "name": "page",
            "item": "http://example.com/test-page/"
          },
          {
            "@type": "ListItem",
            "position": 2,
            "name": "page-nested",
            "item": "http://example.com/test-page/nested/"
          }
        ]
      }
    </script>

    <meta name="color-scheme" content="dark light" />

    <!-- PAGE ASSETS -->

    <!-- /PAGE ASSETS -->
  </head>

  <body>
    <!--lit-part BYi/7dSg0+Q=-->
    <h1>Hello Metadata</h1>
    <hr />
    <code><!--lit-part-->/09-metadata/00-metadata/<!--/lit-part--></code>
    <!--/lit-part-->
  </body>
</html>
