<!doctype html>
<html lang="en" data-path="/01-assets/00-siblings/">
  <head>
    <script type="module" src="/@vite/client"></script>

    <meta charset="UTF-8" />
    <title>Document - With sibling assets</title>

    <!-- PAGE ASSETS -->

    <script
      type="module"
      src="/src/routes/01-assets/00-siblings.client.ts"
    ></script>
    <!--  -->

    <link rel="stylesheet" href="/src/routes/01-assets/00-siblings.scss" />
    <!--  -->

    <!-- /PAGE ASSETS -->
  </head>

  <body>
    <!--lit-part zlwazTB4XxM=-->
    <h1>Hello world</h1>
    <hr />
    <code><!--lit-part-->/01-assets/00-siblings/<!--/lit-part--></code>
    <!--/lit-part-->
  </body>
</html>
