<!doctype html>
<html lang="en" data-path="/01-assets/01-import-with-query-url/">
  <head>
    <script type="module" src="/@vite/client"></script>

    <meta charset="UTF-8" />
    <title>Document - With sibling assets</title>

    <!-- PAGE ASSETS -->

    <!-- /PAGE ASSETS -->
  </head>

  <body>
    <!--lit-part 0JVMAm+Ws2A=-->
    <h1>Hello world</h1>
    <hr />
    <code
      ><!--lit-part-->/01-assets/01-import-with-query-url/<!--/lit-part--></code
    >

    <!--lit-node 4--><my-el
      extra-styles="/@fs/_00-import-with-query-url--server.scss"
      ><template shadowroot="open" shadowrootmode="open"
        ><style>
          :host {
            display: block;
          }</style
        ><!--lit-part BOwxQDUvsWg=-->
        <!--  -->
        <!--lit-node 1--><link
          rel="stylesheet"
          href="/@fs/_00-import-with-query-url.scss"
        />

        <!--lit-part-->/@fs/_00-import-with-query-url--server.scss<!--/lit-part-->
        <!--lit-part--><!--lit-part F3m906AMGI4=--><!--lit-node 0--><link
          rel="stylesheet"
          href="/@fs/_00-import-with-query-url--server.scss"
        /><!--/lit-part--><!--/lit-part-->

        <div class="fff">sdfd</div>
        <!--lit-part 3m/ClmJ6UCI=-->
        HELLO222

        <!--lit-node 0-->
        <div>Hello222</div>
        <!--/lit-part-->
        <!--/lit-part--></template
      ></my-el
    >
    <!--/lit-part-->
  </body>
</html>
