<!doctype html>
<html lang="en" data-path="/01-assets/02-import-with-query-css-inline/">
  <head>
    <script type="module" src="/@vite/client"></script>

    <script
      type="module"
      src="/@id/__x00__/01-assets/02-import-with-query-css-inline/index.html?html-proxy&index=0.js"
    ></script>

    <meta charset="UTF-8" />
    <title>Document - With sibling assets</title>
  </head>

  <body>
    <!--lit-part pBHJy8+ngW8=-->
    <h1>Hello world</h1>
    <hr />
    <code
      ><!--lit-part-->/01-assets/02-import-with-query-css-inline/<!--/lit-part--></code
    >

    <!-- FIXME: Why it's putting /@fs/ and not /src/ ? -->

    <my-el-with-inline-css
      ><template shadowroot="open" shadowrootmode="open"
        ><style>
          :host {
            display: block;
          }
          .color-me-green {
            background-color: green;
          }</style
        ><!--lit-part hBs1sk7AWRg=-->
        <div class="color-me-red">RED</div>
        <div class="color-me-green">GREEN</div>
        <!--/lit-part--></template
      ></my-el-with-inline-css
    >
    <!--/lit-part-->
  </body>
</html>
